// Jest Snapshot v1, https://goo.gl/fbAQLP

exports[`Button component renders a button 1`] = `
<div>
  <button
    class="btn arrow-up"
  >
    button
  </button>
</div>
`;
